// Jest Snapshot v1, https://goo.gl/fbAQLP

exports[`test Cast container renders Cast children 1`] = `ReactWrapper {}`;

exports[`test Cast container renders Cast container 1`] = `ShallowWrapper {}`;
