// Jest Snapshot v1, https://goo.gl/fbAQLP

exports[`test Breadcrumb component renders Breadcrumb component 1`] = `ShallowWrapper {}`;
