// Jest Snapshot v1, https://goo.gl/fbAQLP

exports[`test Navbar component renders Navbar component 1`] = `ReactWrapper {}`;
